[efirma.morelos.gob.mx/ValidacionFirma2274.html]
[backblue.gif]
[fade.gif]
[index.html]
[efirma.morelos.gob.mx/img/icono_new.png]
[lib.morelos.gob.mx/bootstrap-4.4.1/css/bootstrap.min.css]
[lib.morelos.gob.mx/fontawesome/css/all5.7.2.css]
[efirma.morelos.gob.mx/css/layout5449.css]
[efirma.morelos.gob.mx/css/style5449.css]
[efirma.morelos.gob.mx/css/custom5449.css]
[efirma.morelos.gob.mx/css/principal5449.css]
[efirma.morelos.gob.mx/inicio.html]
[efirma.morelos.gob.mx/img/cenefa.png]
[lib.morelos.gob.mx/JQuery/jquery-3.2.0.min.js]
[lib.morelos.gob.mx/bootstrap-4.4.1/popper/popper.min.js]
[efirma.morelos.gob.mx/ValidacionFirma2274.html]
[lib.morelos.gob.mx/bootstrap-4.4.1/css/bootstrap.min.css]
[lib.morelos.gob.mx/fontawesome/css/all5.7.2.css]
[lib.morelos.gob.mx/bootstrap-4.4.1/js/bootstrap.min.js]
[efirma.morelos.gob.mx/css/layout5449.css]
[efirma.morelos.gob.mx/img/pleca_titulo_izq.png]
[efirma.morelos.gob.mx/img/pleca_titulo_der.png]
[efirma.morelos.gob.mx/img/mask.png]
[efirma.morelos.gob.mx/css/style5449.css]
[efirma.morelos.gob.mx/css/custom5449.css]
[efirma.morelos.gob.mx/img/fondo_pagina.png]
[efirma.morelos.gob.mx/css/principal5449.css]
[lib.morelos.gob.mx/SweetAlert2/v9.17.1/sweetalert2.min.css]
[efirma.morelos.gob.mx/recuperacion.html]
[lib.morelos.gob.mx/SweetAlert2/v9.17.1/sweetalert2.min.js]
[efirma.morelos.gob.mx/js/sesion5449.js]
[efirma.morelos.gob.mx/inicio.html]
[efirma.morelos.gob.mx/img/Logo-principal-e-firma.svg]
[efirma.morelos.gob.mx/css/fonts/TwogetherSansVariable.html]
[efirma.morelos.gob.mx/images/samples/Login_bg.html]
[efirma.morelos.gob.mx/images/samples/Login_bg2.html]
[lib.morelos.gob.mx/SweetAlert2/v9.17.1/sweetalert2.min.css]
[efirma.morelos.gob.mx/recuperacion.html]
[efirma.morelos.gob.mx/img/e-firma 1.svg]
